2025-12-03 16:15:55,318 [TRACE] bbot.scanner logger.py:151 Ran BBOT v0.0.0 at 2025-12-03 16:15:55.303551, command: /home/wired/.cache/pypoetry/virtualenvs/bbot-pVNy_ToW-py3.13/bin/bbot -t testphp.vulnweb.com -p web-thorough -o telegram -c modules.telegram.bot_token=8419771137:AAF3f41MwsICgh7wyb-3nfH9Apu6GakKi1Q -c modules.telegram.chat_id=6200584998 --force --allow-deadly
2025-12-03 16:15:55,318 [TRACE] bbot.scanner logger.py:151 Target: {'seeds': ['testphp.vulnweb.com'], 'whitelist': ['testphp.vulnweb.com'], 'blacklist': [], 'strict_scope': False, 'hash': 'f648b4fb7cb7af3b8c108752ff7910401a39a7ae', 'seed_hash': '060e92d09292b608bfc470f1a08012ff1ce19a19', 'whitelist_hash': '060e92d09292b608bfc470f1a08012ff1ce19a19', 'blacklist_hash': 'da39a3ee5e6b4b0d3255bfef95601890afd80709', 'scope_hash': '90e62c36b511693c013b011d2fed72c5afb218e5'}
2025-12-03 16:15:55,318 [TRACE] bbot.scanner logger.py:151 Preset: {'description': 'pedantic_betty', 'config': {'modules': {'iis_shortnames': {'detect_only': False}, 'telegram': {}}}, 'flags': ['iis-shortnames', 'web-basic', 'web-thorough']}
2025-12-03 16:15:55,318 [HUGESUCCESS] bbot.scanner logger.py:151 Starting scan pedantic_betty
2025-12-03 16:16:03,136 [INFO] bbot.scanner scanner.py:790 Finishing scan
2025-12-03 16:16:08,276 [INFO] bbot.modules.aggregate base.py:1533 +---------------------+----------------+--------------------------------+
2025-12-03 16:16:08,276 [INFO] bbot.modules.aggregate base.py:1533 | Module              | Produced       | Consumed                       |
2025-12-03 16:16:08,276 [INFO] bbot.modules.aggregate base.py:1533 +=====================+================+================================+
2025-12-03 16:16:08,276 [INFO] bbot.modules.aggregate base.py:1533 | speculate           | 1 (1 ORG_STUB) | 3 (2 DNS_NAME, 1 IP_ADDRESS)   |
2025-12-03 16:16:08,276 [INFO] bbot.modules.aggregate base.py:1533 +---------------------+----------------+--------------------------------+
2025-12-03 16:16:08,276 [INFO] bbot.modules.aggregate base.py:1533 | dnsresolve          | 0              | 9 (2 DNS_NAME, 1 IP_ADDRESS, 6 |
2025-12-03 16:16:08,276 [INFO] bbot.modules.aggregate base.py:1533 |                     |                | OPEN_TCP_PORT)                 |
2025-12-03 16:16:08,276 [INFO] bbot.modules.aggregate base.py:1533 +---------------------+----------------+--------------------------------+
2025-12-03 16:16:08,276 [INFO] bbot.modules.aggregate base.py:1533 | cloudcheck          | 0              | 9 (2 DNS_NAME, 1 IP_ADDRESS, 6 |
2025-12-03 16:16:08,276 [INFO] bbot.modules.aggregate base.py:1533 |                     |                | OPEN_TCP_PORT)                 |
2025-12-03 16:16:08,276 [INFO] bbot.modules.aggregate base.py:1533 +---------------------+----------------+--------------------------------+
2025-12-03 16:16:08,276 [INFO] bbot.modules.aggregate base.py:1533 | azure_realm         | 0              | 1 (1 DNS_NAME)                 |
2025-12-03 16:16:08,276 [INFO] bbot.modules.aggregate base.py:1533 +---------------------+----------------+--------------------------------+
2025-12-03 16:16:08,276 [INFO] bbot.modules.aggregate base.py:1533 | baddns              | 0              | 1 (1 DNS_NAME)                 |
2025-12-03 16:16:08,276 [INFO] bbot.modules.aggregate base.py:1533 +---------------------+----------------+--------------------------------+
2025-12-03 16:16:08,276 [INFO] bbot.modules.aggregate base.py:1533 | bucket_amazon       | 0              | 1 (1 DNS_NAME)                 |
2025-12-03 16:16:08,276 [INFO] bbot.modules.aggregate base.py:1533 +---------------------+----------------+--------------------------------+
2025-12-03 16:16:08,276 [INFO] bbot.modules.aggregate base.py:1533 | bucket_azure        | 0              | 1 (1 DNS_NAME)                 |
2025-12-03 16:16:08,276 [INFO] bbot.modules.aggregate base.py:1533 +---------------------+----------------+--------------------------------+
2025-12-03 16:16:08,276 [INFO] bbot.modules.aggregate base.py:1533 | bucket_digitalocean | 0              | 1 (1 DNS_NAME)                 |
2025-12-03 16:16:08,276 [INFO] bbot.modules.aggregate base.py:1533 +---------------------+----------------+--------------------------------+
2025-12-03 16:16:08,276 [INFO] bbot.modules.aggregate base.py:1533 | bucket_firebase     | 0              | 1 (1 DNS_NAME)                 |
2025-12-03 16:16:08,276 [INFO] bbot.modules.aggregate base.py:1533 +---------------------+----------------+--------------------------------+
2025-12-03 16:16:08,276 [INFO] bbot.modules.aggregate base.py:1533 | bucket_google       | 0              | 1 (1 DNS_NAME)                 |
2025-12-03 16:16:08,276 [INFO] bbot.modules.aggregate base.py:1533 +---------------------+----------------+--------------------------------+
2025-12-03 16:16:08,276 [INFO] bbot.modules.aggregate base.py:1533 | oauth               | 0              | 2 (2 DNS_NAME)                 |
2025-12-03 16:16:08,276 [INFO] bbot.modules.aggregate base.py:1533 +---------------------+----------------+--------------------------------+
2025-12-03 16:16:08,276 [INFO] bbot.modules.aggregate base.py:1533 | securitytxt         | 0              | 1 (1 DNS_NAME)                 |
2025-12-03 16:16:08,276 [INFO] bbot.modules.aggregate base.py:1533 +---------------------+----------------+--------------------------------+
2025-12-03 16:16:08,276 [INFO] bbot.modules.aggregate base.py:1533 | httpx               | 0              | 2 (2 OPEN_TCP_PORT)            |
2025-12-03 16:16:08,276 [INFO] bbot.modules.aggregate base.py:1533 +---------------------+----------------+--------------------------------+
2025-12-03 16:16:08,276 [INFO] bbot.modules.aggregate base.py:1533 | sslcert             | 0              | 3 (3 OPEN_TCP_PORT)            |
2025-12-03 16:16:08,276 [INFO] bbot.modules.aggregate base.py:1533 +---------------------+----------------+--------------------------------+
2025-12-03 16:16:08,277 [INFO] bbot.modules.output.csv base.py:1533 Saved CSV output to /home/wired/Development/bbot/bbot/telegram/pedantic_betty/output.csv
2025-12-03 16:16:08,277 [INFO] bbot.modules.output.json base.py:1533 Saved JSON output to /home/wired/Development/bbot/bbot/telegram/pedantic_betty/output.json
2025-12-03 16:16:08,277 [INFO] bbot.modules.output.txt base.py:1533 Saved TXT output to /home/wired/Development/bbot/bbot/telegram/pedantic_betty/output.txt
2025-12-03 16:16:08,279 [WARNING] bbot.modules.dotnetnuke base.py:1597 Interactsh failure: Missing required information to deregister
2025-12-03 16:16:08,280 [TRACE] bbot.modules.dotnetnuke logger.py:151 Traceback (most recent call last):
  File "/home/wired/Development/bbot/bbot/modules/dotnetnuke.py", line 194, in cleanup
    await self.interactsh_instance.deregister()
  File "/home/wired/Development/bbot/bbot/core/helpers/interactsh.py", line 184, in deregister
    raise InteractshError("Missing required information to deregister")
bbot.errors.InteractshError: Missing required information to deregister

