2025-12-03 16:08:03,322 [TRACE] bbot.scanner logger.py:151 Ran BBOT v0.0.0 at 2025-12-03 16:08:03.307062, command: /home/wired/.cache/pypoetry/virtualenvs/bbot-pVNy_ToW-py3.13/bin/bbot -t example.com -m httpx -o telegram -c modules.telegram.bot_token=123456789:ABCdefGHIjklMNOpqrsTUVwxyz-123456789 -c modules.telegram.chat_id=123456789 --force
2025-12-03 16:08:03,322 [TRACE] bbot.scanner logger.py:151 Target: {'seeds': ['example.com'], 'whitelist': ['example.com'], 'blacklist': [], 'strict_scope': False, 'hash': '5da2f572da1d1a14c0c42df494b0ab648cd4c4ff', 'seed_hash': '0caaf24ab1a0c33440c06afe99df986365b0781f', 'whitelist_hash': '0caaf24ab1a0c33440c06afe99df986365b0781f', 'blacklist_hash': 'da39a3ee5e6b4b0d3255bfef95601890afd80709', 'scope_hash': 'ac217ad3c68895558f3142a60bab40c9c5b2cdb1'}
2025-12-03 16:08:03,322 [TRACE] bbot.scanner logger.py:151 Preset: {'description': 'benevolent_kayla', 'config': {'modules': {'telegram': {}}}, 'modules': ['httpx']}
2025-12-03 16:08:03,322 [HUGESUCCESS] bbot.scanner logger.py:151 Starting scan benevolent_kayla
2025-12-03 16:08:11,480 [HUGEWARNING] bbot.scanner logger.py:151 Aborting scan
2025-12-03 16:08:11,481 [TRACE] bbot.scanner logger.py:151 Traceback (most recent call last):
  File "/home/wired/Development/bbot/bbot/scanner/scanner.py", line 408, in async_start
    await asyncio.sleep(0.1)
  File "/usr/lib/python3.13/asyncio/tasks.py", line 718, in sleep
    return await future
           ^^^^^^^^^^^^
asyncio.exceptions.CancelledError

2025-12-03 16:08:11,482 [TRACE] bbot.scanner logger.py:151 Traceback (most recent call last):
  File "/home/wired/Development/bbot/bbot/scanner/scanner.py", line 408, in async_start
    await asyncio.sleep(0.1)
  File "/usr/lib/python3.13/asyncio/tasks.py", line 718, in sleep
    return await future
           ^^^^^^^^^^^^
asyncio.exceptions.CancelledError

2025-12-03 16:08:11,504 [TRACE] bbot.modules.httpx logger.py:151 Worker stopped
2025-12-03 16:08:11,505 [INFO] bbot.modules.aggregate base.py:1533 +------------+----------------+-----------------------------------+
2025-12-03 16:08:11,505 [INFO] bbot.modules.aggregate base.py:1533 | Module     | Produced       | Consumed                          |
2025-12-03 16:08:11,505 [INFO] bbot.modules.aggregate base.py:1533 +============+================+===================================+
2025-12-03 16:08:11,505 [INFO] bbot.modules.aggregate base.py:1533 | NS         | 2 (2 DNS_NAME) | 0                                 |
2025-12-03 16:08:11,505 [INFO] bbot.modules.aggregate base.py:1533 +------------+----------------+-----------------------------------+
2025-12-03 16:08:11,505 [INFO] bbot.modules.aggregate base.py:1533 | speculate  | 1 (1 ORG_STUB) | 16 (4 DNS_NAME, 12 IP_ADDRESS)    |
2025-12-03 16:08:11,505 [INFO] bbot.modules.aggregate base.py:1533 +------------+----------------+-----------------------------------+
2025-12-03 16:08:11,505 [INFO] bbot.modules.aggregate base.py:1533 | SOA        | 1 (1 DNS_NAME) | 0                                 |
2025-12-03 16:08:11,505 [INFO] bbot.modules.aggregate base.py:1533 +------------+----------------+-----------------------------------+
2025-12-03 16:08:11,505 [INFO] bbot.modules.aggregate base.py:1533 | dnsresolve | 0              | 50 (6 DNS_NAME, 12 IP_ADDRESS, 32 |
2025-12-03 16:08:11,505 [INFO] bbot.modules.aggregate base.py:1533 |            |                | OPEN_TCP_PORT)                    |
2025-12-03 16:08:11,505 [INFO] bbot.modules.aggregate base.py:1533 +------------+----------------+-----------------------------------+
2025-12-03 16:08:11,505 [INFO] bbot.modules.aggregate base.py:1533 | cloudcheck | 0              | 48 (4 DNS_NAME, 12 IP_ADDRESS, 32 |
2025-12-03 16:08:11,505 [INFO] bbot.modules.aggregate base.py:1533 |            |                | OPEN_TCP_PORT)                    |
2025-12-03 16:08:11,505 [INFO] bbot.modules.aggregate base.py:1533 +------------+----------------+-----------------------------------+
2025-12-03 16:08:11,505 [INFO] bbot.modules.aggregate base.py:1533 | httpx      | 0              | 1 (1 OPEN_TCP_PORT)               |
2025-12-03 16:08:11,505 [INFO] bbot.modules.aggregate base.py:1533 +------------+----------------+-----------------------------------+
2025-12-03 16:08:11,506 [INFO] bbot.modules.output.csv base.py:1533 Saved CSV output to /home/wired/Development/bbot/bbot/telegram/benevolent_kayla/output.csv
2025-12-03 16:08:11,506 [INFO] bbot.modules.output.json base.py:1533 Saved JSON output to /home/wired/Development/bbot/bbot/telegram/benevolent_kayla/output.json
2025-12-03 16:08:11,506 [INFO] bbot.modules.output.txt base.py:1533 Saved TXT output to /home/wired/Development/bbot/bbot/telegram/benevolent_kayla/output.txt
