2025-12-03 16:08:03,322 [HUGESUCCESS] bbot.scanner logger.py:151 Starting scan benevolent_kayla
2025-12-03 16:08:11,480 [HUGEWARNING] bbot.scanner logger.py:151 Aborting scan
2025-12-03 16:08:11,505 [INFO] bbot.modules.aggregate base.py:1533 +------------+----------------+-----------------------------------+
2025-12-03 16:08:11,505 [INFO] bbot.modules.aggregate base.py:1533 | Module     | Produced       | Consumed                          |
2025-12-03 16:08:11,505 [INFO] bbot.modules.aggregate base.py:1533 +============+================+===================================+
2025-12-03 16:08:11,505 [INFO] bbot.modules.aggregate base.py:1533 | NS         | 2 (2 DNS_NAME) | 0                                 |
2025-12-03 16:08:11,505 [INFO] bbot.modules.aggregate base.py:1533 +------------+----------------+-----------------------------------+
2025-12-03 16:08:11,505 [INFO] bbot.modules.aggregate base.py:1533 | speculate  | 1 (1 ORG_STUB) | 16 (4 DNS_NAME, 12 IP_ADDRESS)    |
2025-12-03 16:08:11,505 [INFO] bbot.modules.aggregate base.py:1533 +------------+----------------+-----------------------------------+
2025-12-03 16:08:11,505 [INFO] bbot.modules.aggregate base.py:1533 | SOA        | 1 (1 DNS_NAME) | 0                                 |
2025-12-03 16:08:11,505 [INFO] bbot.modules.aggregate base.py:1533 +------------+----------------+-----------------------------------+
2025-12-03 16:08:11,505 [INFO] bbot.modules.aggregate base.py:1533 | dnsresolve | 0              | 50 (6 DNS_NAME, 12 IP_ADDRESS, 32 |
2025-12-03 16:08:11,505 [INFO] bbot.modules.aggregate base.py:1533 |            |                | OPEN_TCP_PORT)                    |
2025-12-03 16:08:11,505 [INFO] bbot.modules.aggregate base.py:1533 +------------+----------------+-----------------------------------+
2025-12-03 16:08:11,505 [INFO] bbot.modules.aggregate base.py:1533 | cloudcheck | 0              | 48 (4 DNS_NAME, 12 IP_ADDRESS, 32 |
2025-12-03 16:08:11,505 [INFO] bbot.modules.aggregate base.py:1533 |            |                | OPEN_TCP_PORT)                    |
2025-12-03 16:08:11,505 [INFO] bbot.modules.aggregate base.py:1533 +------------+----------------+-----------------------------------+
2025-12-03 16:08:11,505 [INFO] bbot.modules.aggregate base.py:1533 | httpx      | 0              | 1 (1 OPEN_TCP_PORT)               |
2025-12-03 16:08:11,505 [INFO] bbot.modules.aggregate base.py:1533 +------------+----------------+-----------------------------------+
2025-12-03 16:08:11,506 [INFO] bbot.modules.output.csv base.py:1533 Saved CSV output to /home/wired/Development/bbot/bbot/telegram/benevolent_kayla/output.csv
2025-12-03 16:08:11,506 [INFO] bbot.modules.output.json base.py:1533 Saved JSON output to /home/wired/Development/bbot/bbot/telegram/benevolent_kayla/output.json
2025-12-03 16:08:11,506 [INFO] bbot.modules.output.txt base.py:1533 Saved TXT output to /home/wired/Development/bbot/bbot/telegram/benevolent_kayla/output.txt
