2025-12-03 16:08:28,880 [HUGESUCCESS] bbot.scanner logger.py:151 Starting scan mediocre_eric
2025-12-03 16:08:28,880 [VERBOSE] bbot.scanner logger.py:151 Starting module worker loops
2025-12-03 16:08:28,891 [VERBOSE] bbot.scanner logger.py:151 13 modules started
2025-12-03 16:08:28,893 [VERBOSE] bbot.modules._scan_ingress logger.py:151 Target: DNS_NAME("example.com", module=TARGET, tags={'domain', 'target', 'distance-1'})
2025-12-03 16:08:30,103 [INFO] bbot.scanner scanner.py:790 Finishing scan
2025-12-03 16:08:30,103 [VERBOSE] bbot.scanner logger.py:151 Completed finish()
2025-12-03 16:08:30,204 [VERBOSE] bbot.scanner logger.py:151 Completed final finish()
2025-12-03 16:08:30,271 [INFO] bbot.modules.aggregate base.py:1533 +------------+----------------+--------------------------------+
2025-12-03 16:08:30,271 [INFO] bbot.modules.aggregate base.py:1533 | Module     | Produced       | Consumed                       |
2025-12-03 16:08:30,271 [INFO] bbot.modules.aggregate base.py:1533 +============+================+================================+
2025-12-03 16:08:30,271 [INFO] bbot.modules.aggregate base.py:1533 | NS         | 2 (2 DNS_NAME) | 0                              |
2025-12-03 16:08:30,271 [INFO] bbot.modules.aggregate base.py:1533 +------------+----------------+--------------------------------+
2025-12-03 16:08:30,271 [INFO] bbot.modules.aggregate base.py:1533 | speculate  | 1 (1 ORG_STUB) | 16 (4 DNS_NAME, 12 IP_ADDRESS) |
2025-12-03 16:08:30,271 [INFO] bbot.modules.aggregate base.py:1533 +------------+----------------+--------------------------------+
2025-12-03 16:08:30,271 [INFO] bbot.modules.aggregate base.py:1533 | SOA        | 1 (1 DNS_NAME) | 0                              |
2025-12-03 16:08:30,271 [INFO] bbot.modules.aggregate base.py:1533 +------------+----------------+--------------------------------+
2025-12-03 16:08:30,271 [INFO] bbot.modules.aggregate base.py:1533 | dnsresolve | 0              | 18 (6 DNS_NAME, 12 IP_ADDRESS) |
2025-12-03 16:08:30,271 [INFO] bbot.modules.aggregate base.py:1533 +------------+----------------+--------------------------------+
2025-12-03 16:08:30,271 [INFO] bbot.modules.aggregate base.py:1533 | cloudcheck | 0              | 16 (4 DNS_NAME, 12 IP_ADDRESS) |
2025-12-03 16:08:30,271 [INFO] bbot.modules.aggregate base.py:1533 +------------+----------------+--------------------------------+
2025-12-03 16:08:30,272 [VERBOSE] bbot.modules.aggregate logger.py:151 Wrote scan-stats to /home/wired/Development/bbot/telegram/mediocre_eric/scan-stats-table-20251203_1608_30.txt
2025-12-03 16:08:30,272 [INFO] bbot.modules.output.csv base.py:1533 Saved CSV output to /home/wired/Development/bbot/telegram/mediocre_eric/output.csv
2025-12-03 16:08:30,272 [INFO] bbot.modules.output.json base.py:1533 Saved JSON output to /home/wired/Development/bbot/telegram/mediocre_eric/output.json
2025-12-03 16:08:30,272 [INFO] bbot.modules.output.txt base.py:1533 Saved TXT output to /home/wired/Development/bbot/telegram/mediocre_eric/output.txt
2025-12-03 16:08:30,272 [VERBOSE] bbot.core.dnshelper logger.py:151 EngineClient DNSHelper: shutting down...
