2025-12-03 16:06:18,425 [TRACE] bbot.scanner logger.py:151 Ran BBOT v0.0.0 at 2025-12-03 16:06:18.411055, command: /home/wired/.cache/pypoetry/virtualenvs/bbot-pVNy_ToW-py3.13/bin/bbot -t example.com -m httpx -o telegram -c modules.telegram.bot_token=123456789:ABCdefGHIjklMNOpqrsTUVwxyz-123456789 -c modules.telegram.chat_id=123456789 --force
2025-12-03 16:06:18,425 [TRACE] bbot.scanner logger.py:151 Target: {'seeds': ['example.com'], 'whitelist': ['example.com'], 'blacklist': [], 'strict_scope': False, 'hash': '5da2f572da1d1a14c0c42df494b0ab648cd4c4ff', 'seed_hash': '0caaf24ab1a0c33440c06afe99df986365b0781f', 'whitelist_hash': '0caaf24ab1a0c33440c06afe99df986365b0781f', 'blacklist_hash': 'da39a3ee5e6b4b0d3255bfef95601890afd80709', 'scope_hash': 'ac217ad3c68895558f3142a60bab40c9c5b2cdb1'}
2025-12-03 16:06:18,425 [TRACE] bbot.scanner logger.py:151 Preset: {'description': 'powerful_juan', 'config': {'modules': {'telegram': {}}}, 'modules': ['httpx']}
2025-12-03 16:06:18,425 [HUGESUCCESS] bbot.scanner logger.py:151 Starting scan powerful_juan
2025-12-03 16:06:32,158 [INFO] bbot.scanner scanner.py:790 Finishing scan
2025-12-03 16:06:32,336 [INFO] bbot.modules.aggregate base.py:1533 +------------+---------------------------------+----------------------------------------+
2025-12-03 16:06:32,336 [INFO] bbot.modules.aggregate base.py:1533 | Module     | Produced                        | Consumed                               |
2025-12-03 16:06:32,336 [INFO] bbot.modules.aggregate base.py:1533 +============+=================================+========================================+
2025-12-03 16:06:32,336 [INFO] bbot.modules.aggregate base.py:1533 | speculate  | 3 (2 OPEN_TCP_PORT, 1 ORG_STUB) | 24 (5 DNS_NAME, 2 HTTP_RESPONSE, 12    |
2025-12-03 16:06:32,336 [INFO] bbot.modules.aggregate base.py:1533 |            |                                 | IP_ADDRESS, 2 URL, 3 URL_UNVERIFIED)   |
2025-12-03 16:06:32,336 [INFO] bbot.modules.aggregate base.py:1533 +------------+---------------------------------+----------------------------------------+
2025-12-03 16:06:32,336 [INFO] bbot.modules.aggregate base.py:1533 | httpx      | 2 (2 URL)                       | 2 (2 OPEN_TCP_PORT)                    |
2025-12-03 16:06:32,336 [INFO] bbot.modules.aggregate base.py:1533 +------------+---------------------------------+----------------------------------------+
2025-12-03 16:06:32,336 [INFO] bbot.modules.aggregate base.py:1533 | NS         | 2 (2 DNS_NAME)                  | 0                                      |
2025-12-03 16:06:32,336 [INFO] bbot.modules.aggregate base.py:1533 +------------+---------------------------------+----------------------------------------+
2025-12-03 16:06:32,336 [INFO] bbot.modules.aggregate base.py:1533 | SOA        | 1 (1 DNS_NAME)                  | 0                                      |
2025-12-03 16:06:32,336 [INFO] bbot.modules.aggregate base.py:1533 +------------+---------------------------------+----------------------------------------+
2025-12-03 16:06:32,336 [INFO] bbot.modules.aggregate base.py:1533 | dnsresolve | 0                               | 62 (7 DNS_NAME, 2 HTTP_RESPONSE, 12    |
2025-12-03 16:06:32,337 [INFO] bbot.modules.aggregate base.py:1533 |            |                                 | IP_ADDRESS, 36 OPEN_TCP_PORT, 2 URL, 3 |
2025-12-03 16:06:32,337 [INFO] bbot.modules.aggregate base.py:1533 |            |                                 | URL_UNVERIFIED)                        |
2025-12-03 16:06:32,337 [INFO] bbot.modules.aggregate base.py:1533 +------------+---------------------------------+----------------------------------------+
2025-12-03 16:06:32,337 [INFO] bbot.modules.aggregate base.py:1533 | cloudcheck | 0                               | 60 (5 DNS_NAME, 2 HTTP_RESPONSE, 12    |
2025-12-03 16:06:32,337 [INFO] bbot.modules.aggregate base.py:1533 |            |                                 | IP_ADDRESS, 36 OPEN_TCP_PORT, 2 URL, 3 |
2025-12-03 16:06:32,337 [INFO] bbot.modules.aggregate base.py:1533 |            |                                 | URL_UNVERIFIED)                        |
2025-12-03 16:06:32,337 [INFO] bbot.modules.aggregate base.py:1533 +------------+---------------------------------+----------------------------------------+
2025-12-03 16:06:32,337 [INFO] bbot.modules.aggregate base.py:1533 | excavate   | 0                               | 2 (2 HTTP_RESPONSE)                    |
2025-12-03 16:06:32,337 [INFO] bbot.modules.aggregate base.py:1533 +------------+---------------------------------+----------------------------------------+
2025-12-03 16:06:32,337 [INFO] bbot.modules.output.csv base.py:1533 Saved CSV output to /home/wired/Development/bbot/telegram/powerful_juan/output.csv
2025-12-03 16:06:32,337 [INFO] bbot.modules.output.json base.py:1533 Saved JSON output to /home/wired/Development/bbot/telegram/powerful_juan/output.json
2025-12-03 16:06:32,337 [INFO] bbot.modules.output.txt base.py:1533 Saved TXT output to /home/wired/Development/bbot/telegram/powerful_juan/output.txt
