2025-12-03 16:06:18,425 [HUGESUCCESS] bbot.scanner logger.py:151 Starting scan powerful_juan
2025-12-03 16:06:32,158 [INFO] bbot.scanner scanner.py:790 Finishing scan
2025-12-03 16:06:32,336 [INFO] bbot.modules.aggregate base.py:1533 +------------+---------------------------------+----------------------------------------+
2025-12-03 16:06:32,336 [INFO] bbot.modules.aggregate base.py:1533 | Module     | Produced                        | Consumed                               |
2025-12-03 16:06:32,336 [INFO] bbot.modules.aggregate base.py:1533 +============+=================================+========================================+
2025-12-03 16:06:32,336 [INFO] bbot.modules.aggregate base.py:1533 | speculate  | 3 (2 OPEN_TCP_PORT, 1 ORG_STUB) | 24 (5 DNS_NAME, 2 HTTP_RESPONSE, 12    |
2025-12-03 16:06:32,336 [INFO] bbot.modules.aggregate base.py:1533 |            |                                 | IP_ADDRESS, 2 URL, 3 URL_UNVERIFIED)   |
2025-12-03 16:06:32,336 [INFO] bbot.modules.aggregate base.py:1533 +------------+---------------------------------+----------------------------------------+
2025-12-03 16:06:32,336 [INFO] bbot.modules.aggregate base.py:1533 | httpx      | 2 (2 URL)                       | 2 (2 OPEN_TCP_PORT)                    |
2025-12-03 16:06:32,336 [INFO] bbot.modules.aggregate base.py:1533 +------------+---------------------------------+----------------------------------------+
2025-12-03 16:06:32,336 [INFO] bbot.modules.aggregate base.py:1533 | NS         | 2 (2 DNS_NAME)                  | 0                                      |
2025-12-03 16:06:32,336 [INFO] bbot.modules.aggregate base.py:1533 +------------+---------------------------------+----------------------------------------+
2025-12-03 16:06:32,336 [INFO] bbot.modules.aggregate base.py:1533 | SOA        | 1 (1 DNS_NAME)                  | 0                                      |
2025-12-03 16:06:32,336 [INFO] bbot.modules.aggregate base.py:1533 +------------+---------------------------------+----------------------------------------+
2025-12-03 16:06:32,336 [INFO] bbot.modules.aggregate base.py:1533 | dnsresolve | 0                               | 62 (7 DNS_NAME, 2 HTTP_RESPONSE, 12    |
2025-12-03 16:06:32,337 [INFO] bbot.modules.aggregate base.py:1533 |            |                                 | IP_ADDRESS, 36 OPEN_TCP_PORT, 2 URL, 3 |
2025-12-03 16:06:32,337 [INFO] bbot.modules.aggregate base.py:1533 |            |                                 | URL_UNVERIFIED)                        |
2025-12-03 16:06:32,337 [INFO] bbot.modules.aggregate base.py:1533 +------------+---------------------------------+----------------------------------------+
2025-12-03 16:06:32,337 [INFO] bbot.modules.aggregate base.py:1533 | cloudcheck | 0                               | 60 (5 DNS_NAME, 2 HTTP_RESPONSE, 12    |
2025-12-03 16:06:32,337 [INFO] bbot.modules.aggregate base.py:1533 |            |                                 | IP_ADDRESS, 36 OPEN_TCP_PORT, 2 URL, 3 |
2025-12-03 16:06:32,337 [INFO] bbot.modules.aggregate base.py:1533 |            |                                 | URL_UNVERIFIED)                        |
2025-12-03 16:06:32,337 [INFO] bbot.modules.aggregate base.py:1533 +------------+---------------------------------+----------------------------------------+
2025-12-03 16:06:32,337 [INFO] bbot.modules.aggregate base.py:1533 | excavate   | 0                               | 2 (2 HTTP_RESPONSE)                    |
2025-12-03 16:06:32,337 [INFO] bbot.modules.aggregate base.py:1533 +------------+---------------------------------+----------------------------------------+
2025-12-03 16:06:32,337 [INFO] bbot.modules.output.csv base.py:1533 Saved CSV output to /home/wired/Development/bbot/telegram/powerful_juan/output.csv
2025-12-03 16:06:32,337 [INFO] bbot.modules.output.json base.py:1533 Saved JSON output to /home/wired/Development/bbot/telegram/powerful_juan/output.json
2025-12-03 16:06:32,337 [INFO] bbot.modules.output.txt base.py:1533 Saved TXT output to /home/wired/Development/bbot/telegram/powerful_juan/output.txt
