2025-12-03 16:11:39,192 [TRACE] bbot.scanner logger.py:151 Ran BBOT v0.0.0 at 2025-12-03 16:11:39.177326, command: /home/wired/.cache/pypoetry/virtualenvs/bbot-pVNy_ToW-py3.13/bin/bbot -t testphp.vulnweb.com -p subdomain-enum -o telegram -c modules.telegram.bot_token=8419771137:AAF3f41MwsICgh7wyb-3nfH9Apu6GakKi1Q -c modules.telegram.chat_id=6200584998 --force --allow-deadly
2025-12-03 16:11:39,192 [TRACE] bbot.scanner logger.py:151 Target: {'seeds': ['testphp.vulnweb.com'], 'whitelist': ['testphp.vulnweb.com'], 'blacklist': [], 'strict_scope': False, 'hash': 'f648b4fb7cb7af3b8c108752ff7910401a39a7ae', 'seed_hash': '060e92d09292b608bfc470f1a08012ff1ce19a19', 'whitelist_hash': '060e92d09292b608bfc470f1a08012ff1ce19a19', 'blacklist_hash': 'da39a3ee5e6b4b0d3255bfef95601890afd80709', 'scope_hash': '90e62c36b511693c013b011d2fed72c5afb218e5'}
2025-12-03 16:11:39,193 [TRACE] bbot.scanner logger.py:151 Preset: {'description': 'muscular_curtis', 'config': {'dns': {'threads': 25, 'brute_threads': 1000}, 'modules': {'telegram': {}}}, 'flags': ['subdomain-enum'], 'output_modules': ['subdomains']}
2025-12-03 16:11:39,193 [HUGESUCCESS] bbot.scanner logger.py:151 Starting scan muscular_curtis
2025-12-03 16:11:40,446 [TRACE] bbot.modules.asn logger.py:151 Traceback (most recent call last):
  File "/home/wired/Development/bbot/bbot/modules/report/asn.py", line 245, in get_url
    j = r.json()
        ^^^^^^
AttributeError: 'NoneType' object has no attribute 'json'

2025-12-03 16:11:45,643 [INFO] bbot.modules.dnsbrute base.py:1533 Brute-forcing 4,989 subdomains for testphp.vulnweb.com (source: testphp.vulnweb.com)
2025-12-03 16:11:46,217 [TRACE] bbot.modules.anubisdb logger.py:151 API response to https://jldc.me/anubis/subdomains/testphp.vulnweb.com failed with status code 301: 
2025-12-03 16:11:46,328 [TRACE] bbot.modules.leakix logger.py:151 API response to https://leakix.net/api/subdomains/testphp.vulnweb.com failed with status code 401: "Incorrect API Key"
2025-12-03 16:11:46,357 [TRACE] bbot.modules.crt logger.py:151 API response to https://crt.sh?q=%25.testphp.vulnweb.com&output=json failed with status code 502: <html>
<head><title>502 Bad Gateway</title></head>
<body>
<center><h1>502 Bad Gateway</h1></center>
<hr><center>nginx</center>
</body>
</html>
<!-- a padding to disable MSIE and Chrome friendly error page -->
<!-- a padding to disable MSIE and Chrome friendly error page -->
<!-- a padding to disable MSIE and Chrome friendly error page -->
<!-- a padding to disable MSIE and Chrome friendly error page -->
<!-- a padding to disable MSIE and Chrome friendly error page -->
<!-- a padding to disable MSIE and Chrome friendly error page -->

2025-12-03 16:11:46,360 [TRACE] bbot.modules.anubisdb logger.py:151 API response to https://jldc.me/anubis/subdomains/testphp.vulnweb.com failed with status code 301: 
2025-12-03 16:11:46,398 [TRACE] bbot.modules.otx logger.py:151 API response to https://otx.alienvault.com/api/v1/indicators/domain/testphp.vulnweb.com/passive_dns failed with status code 429: {"detail": "Anonymous access to this endpoint is limited. Please authenticate."}
2025-12-03 16:11:46,500 [TRACE] bbot.modules.leakix logger.py:151 API response to https://leakix.net/api/subdomains/testphp.vulnweb.com failed with status code 401: "Incorrect API Key"
2025-12-03 16:11:46,505 [TRACE] bbot.modules.anubisdb logger.py:151 API response to https://jldc.me/anubis/subdomains/testphp.vulnweb.com failed with status code 301: 
2025-12-03 16:11:46,505 [INFO] bbot.modules.anubisdb base.py:1533 Error parsing results for query "testphp.vulnweb.com" (status code 301)
2025-12-03 16:11:46,506 [TRACE] bbot.modules.anubisdb logger.py:151 Traceback (most recent call last):
  File "/home/wired/Development/bbot/bbot/modules/templates/subdomain_enum.py", line 126, in query
    results = list(await parse_fn(response, query))
                   ^^^^^^^^^^^^^^^^^^^^^^^^^^^^^^^
  File "/home/wired/Development/bbot/bbot/modules/anubisdb.py", line 43, in parse_results
    json = r.json()
  File "/home/wired/.cache/pypoetry/virtualenvs/bbot-pVNy_ToW-py3.13/lib/python3.13/site-packages/httpx/_models.py", line 832, in json
    return jsonlib.loads(self.content, **kwargs)
           ~~~~~~~~~~~~~^^^^^^^^^^^^^^^^^^^^^^^^
  File "/usr/lib/python3.13/json/__init__.py", line 346, in loads
    return _default_decoder.decode(s)
           ~~~~~~~~~~~~~~~~~~~~~~~^^^
  File "/usr/lib/python3.13/json/decoder.py", line 345, in decode
    obj, end = self.raw_decode(s, idx=_w(s, 0).end())
               ~~~~~~~~~~~~~~~^^^^^^^^^^^^^^^^^^^^^^^
  File "/usr/lib/python3.13/json/decoder.py", line 363, in raw_decode
    raise JSONDecodeError("Expecting value", s, err.value) from None
json.decoder.JSONDecodeError: Expecting value: line 1 column 1 (char 0)

2025-12-03 16:11:46,506 [TRACE] bbot.modules.anubisdb logger.py:151 ''
2025-12-03 16:11:46,518 [INFO] bbot.modules.crt_db base.py:1533 Error retrieving results for testphp.vulnweb.com: no more connections allowed (max_client_conn)
2025-12-03 16:11:46,520 [TRACE] bbot.modules.crt_db logger.py:151 Traceback (most recent call last):
  File "/home/wired/Development/bbot/bbot/modules/templates/subdomain_enum.py", line 121, in query
    response = await request_fn(query)
               ^^^^^^^^^^^^^^^^^^^^^^^
  File "/home/wired/Development/bbot/bbot/modules/crt_db.py", line 31, in request_url
    self.db_conn = await asyncpg.connect(
                   ^^^^^^^^^^^^^^^^^^^^^^
    ...<5 lines>...
    )
    ^
  File "/home/wired/.cache/pypoetry/virtualenvs/bbot-pVNy_ToW-py3.13/lib/python3.13/site-packages/asyncpg/connection.py", line 2443, in connect
    return await connect_utils._connect(
           ^^^^^^^^^^^^^^^^^^^^^^^^^^^^^
    ...<22 lines>...
    )
    ^
  File "/home/wired/.cache/pypoetry/virtualenvs/bbot-pVNy_ToW-py3.13/lib/python3.13/site-packages/asyncpg/connect_utils.py", line 1218, in _connect
    conn = await _connect_addr(
           ^^^^^^^^^^^^^^^^^^^^
    ...<6 lines>...
    )
    ^
  File "/home/wired/.cache/pypoetry/virtualenvs/bbot-pVNy_ToW-py3.13/lib/python3.13/site-packages/asyncpg/connect_utils.py", line 1054, in _connect_addr
    return await __connect_addr(params, True, *args)
           ^^^^^^^^^^^^^^^^^^^^^^^^^^^^^^^^^^^^^^^^^
  File "/home/wired/.cache/pypoetry/virtualenvs/bbot-pVNy_ToW-py3.13/lib/python3.13/site-packages/asyncpg/connect_utils.py", line 1102, in __connect_addr
    await connected
asyncpg.exceptions.ProtocolViolationError: no more connections allowed (max_client_conn)

2025-12-03 16:11:46,672 [TRACE] bbot.modules.leakix logger.py:151 API response to https://leakix.net/api/subdomains/testphp.vulnweb.com failed with status code 401: "Incorrect API Key"
2025-12-03 16:11:46,672 [INFO] bbot.modules.leakix base.py:1533 Error parsing results for query "testphp.vulnweb.com" (status code 401)
2025-12-03 16:11:46,672 [TRACE] bbot.modules.leakix logger.py:151 Traceback (most recent call last):
  File "/home/wired/Development/bbot/bbot/modules/templates/subdomain_enum.py", line 126, in query
    results = list(await parse_fn(response, query))
                   ^^^^^^^^^^^^^^^^^^^^^^^^^^^^^^^
  File "/home/wired/Development/bbot/bbot/modules/leakix.py", line 43, in parse_results
    subdomain = entry.get("subdomain", "")
                ^^^^^^^^^
AttributeError: 'str' object has no attribute 'get'

2025-12-03 16:11:46,672 [TRACE] bbot.modules.leakix logger.py:151 '"Incorrect API Key"'
2025-12-03 16:11:46,847 [TRACE] bbot.modules.crt logger.py:151 API response to https://crt.sh?q=%25.testphp.vulnweb.com&output=json failed with status code 502: <html>
<head><title>502 Bad Gateway</title></head>
<body>
<center><h1>502 Bad Gateway</h1></center>
<hr><center>nginx</center>
</body>
</html>
<!-- a padding to disable MSIE and Chrome friendly error page -->
<!-- a padding to disable MSIE and Chrome friendly error page -->
<!-- a padding to disable MSIE and Chrome friendly error page -->
<!-- a padding to disable MSIE and Chrome friendly error page -->
<!-- a padding to disable MSIE and Chrome friendly error page -->
<!-- a padding to disable MSIE and Chrome friendly error page -->

2025-12-03 16:11:47,351 [TRACE] bbot.modules.crt logger.py:151 API response to https://crt.sh?q=%25.testphp.vulnweb.com&output=json failed with status code 502: <html>
<head><title>502 Bad Gateway</title></head>
<body>
<center><h1>502 Bad Gateway</h1></center>
<hr><center>nginx</center>
</body>
</html>
<!-- a padding to disable MSIE and Chrome friendly error page -->
<!-- a padding to disable MSIE and Chrome friendly error page -->
<!-- a padding to disable MSIE and Chrome friendly error page -->
<!-- a padding to disable MSIE and Chrome friendly error page -->
<!-- a padding to disable MSIE and Chrome friendly error page -->
<!-- a padding to disable MSIE and Chrome friendly error page -->

2025-12-03 16:11:47,351 [INFO] bbot.modules.crt base.py:1533 Error parsing results for query "testphp.vulnweb.com" (status code 502)
2025-12-03 16:11:47,352 [TRACE] bbot.modules.crt logger.py:151 Traceback (most recent call last):
  File "/home/wired/Development/bbot/bbot/modules/templates/subdomain_enum.py", line 126, in query
    results = list(await parse_fn(response, query))
                   ^^^^^^^^^^^^^^^^^^^^^^^^^^^^^^^
  File "/home/wired/Development/bbot/bbot/modules/crt.py", line 28, in parse_results
    j = r.json()
  File "/home/wired/.cache/pypoetry/virtualenvs/bbot-pVNy_ToW-py3.13/lib/python3.13/site-packages/httpx/_models.py", line 832, in json
    return jsonlib.loads(self.content, **kwargs)
           ~~~~~~~~~~~~~^^^^^^^^^^^^^^^^^^^^^^^^
  File "/usr/lib/python3.13/json/__init__.py", line 346, in loads
    return _default_decoder.decode(s)
           ~~~~~~~~~~~~~~~~~~~~~~~^^^
  File "/usr/lib/python3.13/json/decoder.py", line 345, in decode
    obj, end = self.raw_decode(s, idx=_w(s, 0).end())
               ~~~~~~~~~~~~~~~^^^^^^^^^^^^^^^^^^^^^^^
  File "/usr/lib/python3.13/json/decoder.py", line 363, in raw_decode
    raise JSONDecodeError("Expecting value", s, err.value) from None
json.decoder.JSONDecodeError: Expecting value: line 1 column 1 (char 0)

2025-12-03 16:11:47,352 [TRACE] bbot.modules.crt logger.py:151 '<html>\r\n<head><title>502 Bad Gateway</title></head>\r\n<body>\r\n<center><h1>502 Bad Gateway</h1></center>\r\n<hr><center>nginx</center>\r\n</body>\r\n</html>\r\n<!-- a padding to disable MSIE and Chrome friendly error page -->\r\n<!-- a padding to disable MSIE and Chrome friendly error page -->\r\n<!-- a padding to disable MSIE and Chrome friendly error page -->\r\n<!-- a padding to disable MSIE and Chrome friendly error page -->\r\n<!-- a padding to disable MSIE and Chrome friendly error page -->\r\n<!-- a padding to disable MSIE and Chrome friendly error page -->\r\n'
2025-12-03 16:11:54,213 [INFO] bbot.scanner scanner.py:1187 muscular_curtis: Modules running (incoming:processing:outgoing) httpx(38:1:0), dnsbrute(16:1:0), dnscommonsrv(16:1:0), otx(16:1:0), securitytxt(16:1:0)
2025-12-03 16:11:54,213 [INFO] bbot.scanner scanner.py:1187 muscular_curtis: Events produced so far: OPEN_TCP_PORT: 2, SCAN: 1, DNS_NAME: 1, ORG_STUB: 1, FINDING: 1, TECHNOLOGY: 1, ASN: 1, IP_ADDRESS: 1, URL: 1
2025-12-03 16:11:54,213 [INFO] bbot.scanner scanner.py:1187 muscular_curtis: No events in queue (586 processed in the past 15 seconds)
2025-12-03 16:12:09,216 [INFO] bbot.scanner scanner.py:1187 muscular_curtis: Modules running (incoming:processing:outgoing) dnsbrute(16:1:0), dnscommonsrv(16:1:0), otx(16:1:0)
2025-12-03 16:12:09,216 [INFO] bbot.scanner scanner.py:1187 muscular_curtis: Events produced so far: OPEN_TCP_PORT: 2, SCAN: 1, DNS_NAME: 1, ORG_STUB: 1, FINDING: 1, TECHNOLOGY: 1, ASN: 1, IP_ADDRESS: 1, URL: 1
2025-12-03 16:12:09,216 [INFO] bbot.scanner scanner.py:1187 muscular_curtis: No events in queue (0 processed in the past 15 seconds)
2025-12-03 16:12:16,990 [TRACE] bbot.modules.otx logger.py:151 API response to https://otx.alienvault.com/api/v1/indicators/domain/testphp.vulnweb.com/passive_dns failed with status code 429: {"detail": "Anonymous access to this endpoint is limited. Please authenticate."}
2025-12-03 16:12:24,217 [INFO] bbot.scanner scanner.py:1187 muscular_curtis: Modules running (incoming:processing:outgoing) dnsbrute(16:1:0), otx(16:1:0)
2025-12-03 16:12:24,217 [INFO] bbot.scanner scanner.py:1187 muscular_curtis: Events produced so far: OPEN_TCP_PORT: 2, SCAN: 1, DNS_NAME: 1, ORG_STUB: 1, FINDING: 1, TECHNOLOGY: 1, ASN: 1, IP_ADDRESS: 1, URL: 1
2025-12-03 16:12:24,217 [INFO] bbot.scanner scanner.py:1187 muscular_curtis: No events in queue (0 processed in the past 15 seconds)
2025-12-03 16:12:39,218 [INFO] bbot.scanner scanner.py:1187 muscular_curtis: Modules running (incoming:processing:outgoing) dnsbrute(16:1:0), otx(16:1:0)
2025-12-03 16:12:39,218 [INFO] bbot.scanner scanner.py:1187 muscular_curtis: Events produced so far: OPEN_TCP_PORT: 2, SCAN: 1, DNS_NAME: 1, ORG_STUB: 1, FINDING: 1, TECHNOLOGY: 1, ASN: 1, IP_ADDRESS: 1, URL: 1
2025-12-03 16:12:39,218 [INFO] bbot.scanner scanner.py:1187 muscular_curtis: No events in queue (0 processed in the past 15 seconds)
2025-12-03 16:12:48,077 [TRACE] bbot.modules.otx logger.py:151 API response to https://otx.alienvault.com/api/v1/indicators/domain/testphp.vulnweb.com/passive_dns failed with status code 429: {"detail": "Anonymous access to this endpoint is limited. Please authenticate."}
2025-12-03 16:12:54,219 [INFO] bbot.scanner scanner.py:1187 muscular_curtis: Modules running (incoming:processing:outgoing) dnsbrute(16:1:0), otx(16:1:0)
2025-12-03 16:12:54,220 [INFO] bbot.scanner scanner.py:1187 muscular_curtis: Events produced so far: OPEN_TCP_PORT: 2, SCAN: 1, DNS_NAME: 1, ORG_STUB: 1, FINDING: 1, TECHNOLOGY: 1, ASN: 1, IP_ADDRESS: 1, URL: 1
2025-12-03 16:12:54,220 [INFO] bbot.scanner scanner.py:1187 muscular_curtis: No events in queue (0 processed in the past 15 seconds)
2025-12-03 16:13:09,221 [INFO] bbot.scanner scanner.py:1187 muscular_curtis: Modules running (incoming:processing:outgoing) dnsbrute(16:1:0), otx(16:1:0)
2025-12-03 16:13:09,221 [INFO] bbot.scanner scanner.py:1187 muscular_curtis: Events produced so far: OPEN_TCP_PORT: 2, SCAN: 1, DNS_NAME: 1, ORG_STUB: 1, FINDING: 1, TECHNOLOGY: 1, ASN: 1, IP_ADDRESS: 1, URL: 1
2025-12-03 16:13:09,221 [INFO] bbot.scanner scanner.py:1187 muscular_curtis: No events in queue (0 processed in the past 15 seconds)
2025-12-03 16:13:24,222 [INFO] bbot.scanner scanner.py:1187 muscular_curtis: Modules running (incoming:processing:outgoing) dnsbrute(16:1:0)
2025-12-03 16:13:24,222 [INFO] bbot.scanner scanner.py:1187 muscular_curtis: Events produced so far: OPEN_TCP_PORT: 2, SCAN: 1, DNS_NAME: 1, ORG_STUB: 1, FINDING: 1, TECHNOLOGY: 1, ASN: 1, IP_ADDRESS: 1, URL: 1
2025-12-03 16:13:24,222 [INFO] bbot.scanner scanner.py:1187 muscular_curtis: No events in queue (0 processed in the past 15 seconds)
2025-12-03 16:13:39,224 [INFO] bbot.scanner scanner.py:1187 muscular_curtis: Modules running (incoming:processing:outgoing) dnsbrute(16:1:0)
2025-12-03 16:13:39,225 [INFO] bbot.scanner scanner.py:1187 muscular_curtis: Events produced so far: OPEN_TCP_PORT: 2, SCAN: 1, DNS_NAME: 1, ORG_STUB: 1, FINDING: 1, TECHNOLOGY: 1, ASN: 1, IP_ADDRESS: 1, URL: 1
2025-12-03 16:13:39,225 [INFO] bbot.scanner scanner.py:1187 muscular_curtis: No events in queue (0 processed in the past 15 seconds)
2025-12-03 16:13:54,226 [INFO] bbot.scanner scanner.py:1187 muscular_curtis: Modules running (incoming:processing:outgoing) dnsbrute(16:1:0)
2025-12-03 16:13:54,226 [INFO] bbot.scanner scanner.py:1187 muscular_curtis: Events produced so far: OPEN_TCP_PORT: 2, SCAN: 1, DNS_NAME: 1, ORG_STUB: 1, FINDING: 1, TECHNOLOGY: 1, ASN: 1, IP_ADDRESS: 1, URL: 1
2025-12-03 16:13:54,226 [INFO] bbot.scanner scanner.py:1187 muscular_curtis: No events in queue (0 processed in the past 15 seconds)
2025-12-03 16:14:09,227 [INFO] bbot.scanner scanner.py:1187 muscular_curtis: Modules running (incoming:processing:outgoing) dnsbrute(16:1:0)
2025-12-03 16:14:09,227 [INFO] bbot.scanner scanner.py:1187 muscular_curtis: Events produced so far: OPEN_TCP_PORT: 2, SCAN: 1, DNS_NAME: 1, ORG_STUB: 1, FINDING: 1, TECHNOLOGY: 1, ASN: 1, IP_ADDRESS: 1, URL: 1
2025-12-03 16:14:09,227 [INFO] bbot.scanner scanner.py:1187 muscular_curtis: No events in queue (0 processed in the past 15 seconds)
2025-12-03 16:14:24,228 [INFO] bbot.scanner scanner.py:1187 muscular_curtis: Modules running (incoming:processing:outgoing) dnsbrute(16:1:0)
2025-12-03 16:14:24,228 [INFO] bbot.scanner scanner.py:1187 muscular_curtis: Events produced so far: OPEN_TCP_PORT: 2, SCAN: 1, DNS_NAME: 1, ORG_STUB: 1, FINDING: 1, TECHNOLOGY: 1, ASN: 1, IP_ADDRESS: 1, URL: 1
2025-12-03 16:14:24,228 [INFO] bbot.scanner scanner.py:1187 muscular_curtis: No events in queue (0 processed in the past 15 seconds)
2025-12-03 16:14:39,231 [INFO] bbot.scanner scanner.py:1187 muscular_curtis: Modules running (incoming:processing:outgoing) dnsbrute(16:1:0)
2025-12-03 16:14:39,231 [INFO] bbot.scanner scanner.py:1187 muscular_curtis: Events produced so far: OPEN_TCP_PORT: 2, SCAN: 1, DNS_NAME: 1, ORG_STUB: 1, FINDING: 1, TECHNOLOGY: 1, ASN: 1, IP_ADDRESS: 1, URL: 1
2025-12-03 16:14:39,231 [INFO] bbot.scanner scanner.py:1187 muscular_curtis: No events in queue (0 processed in the past 15 seconds)
2025-12-03 16:14:41,542 [INFO] bbot.scanner scanner.py:790 Finishing scan
2025-12-03 16:14:41,548 [INFO] bbot.modules.dnsbrute_mutations base.py:1533 Trying 805 mutations against vulnweb.com (1/1)
2025-12-03 16:14:54,232 [INFO] bbot.scanner scanner.py:1187 muscular_curtis: Modules running (incoming:processing:outgoing) dnsbrute_mutations(0:1:0)
2025-12-03 16:14:54,232 [INFO] bbot.scanner scanner.py:1187 muscular_curtis: Events produced so far: OPEN_TCP_PORT: 2, SCAN: 1, DNS_NAME: 1, ORG_STUB: 1, FINDING: 1, TECHNOLOGY: 1, ASN: 1, IP_ADDRESS: 1, URL: 1
2025-12-03 16:14:54,232 [INFO] bbot.scanner scanner.py:1187 muscular_curtis: No events in queue (0 processed in the past 15 seconds)
2025-12-03 16:15:06,956 [INFO] bbot.modules.asn base.py:1533 +---------+---------------+--------------+-----------+------------------+-----------+
2025-12-03 16:15:06,956 [INFO] bbot.modules.asn base.py:1533 | ASN     | Subnet        | Host Count   | Name      | Description      | Country   |
2025-12-03 16:15:06,956 [INFO] bbot.modules.asn base.py:1533 +=========+===============+==============+===========+==================+===========+
2025-12-03 16:15:06,956 [INFO] bbot.modules.asn base.py:1533 | AS16509 | 44.224.0.0/11 | 2            | AMAZON-02 | Amazon.com, Inc. | US        |
2025-12-03 16:15:06,956 [INFO] bbot.modules.asn base.py:1533 +---------+---------------+--------------+-----------+------------------+-----------+
2025-12-03 16:15:06,960 [INFO] bbot.modules.aggregate base.py:1533 +--------------------+----------------------------------+------------------------------------------+
2025-12-03 16:15:06,960 [INFO] bbot.modules.aggregate base.py:1533 | Module             | Produced                         | Consumed                                 |
2025-12-03 16:15:06,960 [INFO] bbot.modules.aggregate base.py:1533 +====================+==================================+==========================================+
2025-12-03 16:15:06,960 [INFO] bbot.modules.aggregate base.py:1533 | shodan_idb         | 3 (1 FINDING, 1 OPEN_TCP_PORT, 1 | 1 (1 DNS_NAME)                           |
2025-12-03 16:15:06,960 [INFO] bbot.modules.aggregate base.py:1533 |                    | TECHNOLOGY)                      |                                          |
2025-12-03 16:15:06,960 [INFO] bbot.modules.aggregate base.py:1533 +--------------------+----------------------------------+------------------------------------------+
2025-12-03 16:15:06,960 [INFO] bbot.modules.aggregate base.py:1533 | speculate          | 2 (1 OPEN_TCP_PORT, 1 ORG_STUB)  | 45 (9 DNS_NAME, 9 DNS_NAME_UNRESOLVED, 1 |
2025-12-03 16:15:06,960 [INFO] bbot.modules.aggregate base.py:1533 |                    |                                  | HTTP_RESPONSE, 1 IP_ADDRESS, 1 URL, 24   |
2025-12-03 16:15:06,960 [INFO] bbot.modules.aggregate base.py:1533 |                    |                                  | URL_UNVERIFIED)                          |
2025-12-03 16:15:06,960 [INFO] bbot.modules.aggregate base.py:1533 +--------------------+----------------------------------+------------------------------------------+
2025-12-03 16:15:06,960 [INFO] bbot.modules.aggregate base.py:1533 | httpx              | 1 (1 URL)                        | 2 (2 OPEN_TCP_PORT)                      |
2025-12-03 16:15:06,960 [INFO] bbot.modules.aggregate base.py:1533 +--------------------+----------------------------------+------------------------------------------+
2025-12-03 16:15:06,960 [INFO] bbot.modules.aggregate base.py:1533 | A                  | 1 (1 IP_ADDRESS)                 | 0                                        |
2025-12-03 16:15:06,960 [INFO] bbot.modules.aggregate base.py:1533 +--------------------+----------------------------------+------------------------------------------+
2025-12-03 16:15:06,960 [INFO] bbot.modules.aggregate base.py:1533 | dnsresolve         | 0                                | 104 (31 DNS_NAME, 6 EMAIL_ADDRESS, 1     |
2025-12-03 16:15:06,960 [INFO] bbot.modules.aggregate base.py:1533 |                    |                                  | FINDING, 1 HTTP_RESPONSE, 17 IP_ADDRESS, |
2025-12-03 16:15:06,960 [INFO] bbot.modules.aggregate base.py:1533 |                    |                                  | 22 OPEN_TCP_PORT, 1 TECHNOLOGY, 1 URL,   |
2025-12-03 16:15:06,960 [INFO] bbot.modules.aggregate base.py:1533 |                    |                                  | 24 URL_UNVERIFIED)                       |
2025-12-03 16:15:06,960 [INFO] bbot.modules.aggregate base.py:1533 +--------------------+----------------------------------+------------------------------------------+
2025-12-03 16:15:06,960 [INFO] bbot.modules.aggregate base.py:1533 | cloudcheck         | 0                                | 72 (10 DNS_NAME, 9 DNS_NAME_UNRESOLVED,  |
2025-12-03 16:15:06,960 [INFO] bbot.modules.aggregate base.py:1533 |                    |                                  | 1 EMAIL_ADDRESS, 1 FINDING, 1            |
2025-12-03 16:15:06,960 [INFO] bbot.modules.aggregate base.py:1533 |                    |                                  | HTTP_RESPONSE, 2 IP_ADDRESS, 22          |
2025-12-03 16:15:06,960 [INFO] bbot.modules.aggregate base.py:1533 |                    |                                  | OPEN_TCP_PORT, 1 TECHNOLOGY, 1 URL, 24   |
2025-12-03 16:15:06,960 [INFO] bbot.modules.aggregate base.py:1533 |                    |                                  | URL_UNVERIFIED)                          |
2025-12-03 16:15:06,960 [INFO] bbot.modules.aggregate base.py:1533 +--------------------+----------------------------------+------------------------------------------+
2025-12-03 16:15:06,960 [INFO] bbot.modules.aggregate base.py:1533 | azure_realm        | 0                                | 1 (1 DNS_NAME)                           |
2025-12-03 16:15:06,960 [INFO] bbot.modules.aggregate base.py:1533 +--------------------+----------------------------------+------------------------------------------+
2025-12-03 16:15:06,960 [INFO] bbot.modules.aggregate base.py:1533 | azure_tenant       | 0                                | 1 (1 DNS_NAME)                           |
2025-12-03 16:15:06,960 [INFO] bbot.modules.aggregate base.py:1533 +--------------------+----------------------------------+------------------------------------------+
2025-12-03 16:15:06,960 [INFO] bbot.modules.aggregate base.py:1533 | baddns_zone        | 0                                | 1 (1 DNS_NAME)                           |
2025-12-03 16:15:06,960 [INFO] bbot.modules.aggregate base.py:1533 +--------------------+----------------------------------+------------------------------------------+
2025-12-03 16:15:06,960 [INFO] bbot.modules.aggregate base.py:1533 | dnsbimi            | 0                                | 1 (1 DNS_NAME)                           |
2025-12-03 16:15:06,960 [INFO] bbot.modules.aggregate base.py:1533 +--------------------+----------------------------------+------------------------------------------+
2025-12-03 16:15:06,960 [INFO] bbot.modules.aggregate base.py:1533 | dnsbrute_mutations | 0                                | 1 (1 DNS_NAME)                           |
2025-12-03 16:15:06,960 [INFO] bbot.modules.aggregate base.py:1533 +--------------------+----------------------------------+------------------------------------------+
2025-12-03 16:15:06,960 [INFO] bbot.modules.aggregate base.py:1533 | dnscaa             | 0                                | 1 (1 DNS_NAME)                           |
2025-12-03 16:15:06,960 [INFO] bbot.modules.aggregate base.py:1533 +--------------------+----------------------------------+------------------------------------------+
2025-12-03 16:15:06,960 [INFO] bbot.modules.aggregate base.py:1533 | dnscommonsrv       | 0                                | 1 (1 DNS_NAME)                           |
2025-12-03 16:15:06,960 [INFO] bbot.modules.aggregate base.py:1533 +--------------------+----------------------------------+------------------------------------------+
2025-12-03 16:15:06,960 [INFO] bbot.modules.aggregate base.py:1533 | dnstlsrpt          | 0                                | 1 (1 DNS_NAME)                           |
2025-12-03 16:15:06,960 [INFO] bbot.modules.aggregate base.py:1533 +--------------------+----------------------------------+------------------------------------------+
2025-12-03 16:15:06,960 [INFO] bbot.modules.aggregate base.py:1533 | oauth              | 0                                | 3 (3 DNS_NAME)                           |
2025-12-03 16:15:06,960 [INFO] bbot.modules.aggregate base.py:1533 +--------------------+----------------------------------+------------------------------------------+
2025-12-03 16:15:06,960 [INFO] bbot.modules.aggregate base.py:1533 | securitytxt        | 0                                | 1 (1 DNS_NAME)                           |
2025-12-03 16:15:06,960 [INFO] bbot.modules.aggregate base.py:1533 +--------------------+----------------------------------+------------------------------------------+
2025-12-03 16:15:06,960 [INFO] bbot.modules.aggregate base.py:1533 | sslcert            | 0                                | 10 (10 OPEN_TCP_PORT)                    |
2025-12-03 16:15:06,960 [INFO] bbot.modules.aggregate base.py:1533 +--------------------+----------------------------------+------------------------------------------+
2025-12-03 16:15:06,960 [INFO] bbot.modules.aggregate base.py:1533 | ipneighbor         | 0                                | 1 (1 IP_ADDRESS)                         |
2025-12-03 16:15:06,960 [INFO] bbot.modules.aggregate base.py:1533 +--------------------+----------------------------------+------------------------------------------+
2025-12-03 16:15:06,960 [INFO] bbot.modules.aggregate base.py:1533 | anubisdb           | 0                                | 1 (1 DNS_NAME)                           |
2025-12-03 16:15:06,960 [INFO] bbot.modules.aggregate base.py:1533 +--------------------+----------------------------------+------------------------------------------+
2025-12-03 16:15:06,960 [INFO] bbot.modules.aggregate base.py:1533 | certspotter        | 0                                | 1 (1 DNS_NAME)                           |
2025-12-03 16:15:06,960 [INFO] bbot.modules.aggregate base.py:1533 +--------------------+----------------------------------+------------------------------------------+
2025-12-03 16:15:06,960 [INFO] bbot.modules.aggregate base.py:1533 | crt                | 0                                | 1 (1 DNS_NAME)                           |
2025-12-03 16:15:06,960 [INFO] bbot.modules.aggregate base.py:1533 +--------------------+----------------------------------+------------------------------------------+
2025-12-03 16:15:06,960 [INFO] bbot.modules.aggregate base.py:1533 | crt_db             | 0                                | 1 (1 DNS_NAME)                           |
2025-12-03 16:15:06,960 [INFO] bbot.modules.aggregate base.py:1533 +--------------------+----------------------------------+------------------------------------------+
2025-12-03 16:15:06,960 [INFO] bbot.modules.aggregate base.py:1533 | digitorus          | 0                                | 1 (1 DNS_NAME)                           |
2025-12-03 16:15:06,960 [INFO] bbot.modules.aggregate base.py:1533 +--------------------+----------------------------------+------------------------------------------+
2025-12-03 16:15:06,961 [INFO] bbot.modules.aggregate base.py:1533 | dnsbrute           | 0                                | 1 (1 DNS_NAME)                           |
2025-12-03 16:15:06,961 [INFO] bbot.modules.aggregate base.py:1533 +--------------------+----------------------------------+------------------------------------------+
2025-12-03 16:15:06,961 [INFO] bbot.modules.aggregate base.py:1533 | dnsdumpster        | 0                                | 1 (1 DNS_NAME)                           |
2025-12-03 16:15:06,961 [INFO] bbot.modules.aggregate base.py:1533 +--------------------+----------------------------------+------------------------------------------+
2025-12-03 16:15:06,961 [INFO] bbot.modules.aggregate base.py:1533 | hackertarget       | 0                                | 1 (1 DNS_NAME)                           |
2025-12-03 16:15:06,961 [INFO] bbot.modules.aggregate base.py:1533 +--------------------+----------------------------------+------------------------------------------+
2025-12-03 16:15:06,961 [INFO] bbot.modules.aggregate base.py:1533 | leakix             | 0                                | 1 (1 DNS_NAME)                           |
2025-12-03 16:15:06,961 [INFO] bbot.modules.aggregate base.py:1533 +--------------------+----------------------------------+------------------------------------------+
2025-12-03 16:15:06,961 [INFO] bbot.modules.aggregate base.py:1533 | myssl              | 0                                | 1 (1 DNS_NAME)                           |
2025-12-03 16:15:06,961 [INFO] bbot.modules.aggregate base.py:1533 +--------------------+----------------------------------+------------------------------------------+
2025-12-03 16:15:06,961 [INFO] bbot.modules.aggregate base.py:1533 | otx                | 0                                | 1 (1 DNS_NAME)                           |
2025-12-03 16:15:06,961 [INFO] bbot.modules.aggregate base.py:1533 +--------------------+----------------------------------+------------------------------------------+
2025-12-03 16:15:06,961 [INFO] bbot.modules.aggregate base.py:1533 | rapiddns           | 0                                | 1 (1 DNS_NAME)                           |
2025-12-03 16:15:06,961 [INFO] bbot.modules.aggregate base.py:1533 +--------------------+----------------------------------+------------------------------------------+
2025-12-03 16:15:06,961 [INFO] bbot.modules.aggregate base.py:1533 | sitedossier        | 0                                | 1 (1 DNS_NAME)                           |
2025-12-03 16:15:06,961 [INFO] bbot.modules.aggregate base.py:1533 +--------------------+----------------------------------+------------------------------------------+
2025-12-03 16:15:06,961 [INFO] bbot.modules.aggregate base.py:1533 | subdomaincenter    | 0                                | 1 (1 DNS_NAME)                           |
2025-12-03 16:15:06,961 [INFO] bbot.modules.aggregate base.py:1533 +--------------------+----------------------------------+------------------------------------------+
2025-12-03 16:15:06,961 [INFO] bbot.modules.aggregate base.py:1533 | urlscan            | 0                                | 1 (1 DNS_NAME)                           |
2025-12-03 16:15:06,961 [INFO] bbot.modules.aggregate base.py:1533 +--------------------+----------------------------------+------------------------------------------+
2025-12-03 16:15:06,961 [INFO] bbot.modules.aggregate base.py:1533 | wayback            | 0                                | 1 (1 DNS_NAME)                           |
2025-12-03 16:15:06,961 [INFO] bbot.modules.aggregate base.py:1533 +--------------------+----------------------------------+------------------------------------------+
2025-12-03 16:15:06,961 [INFO] bbot.modules.aggregate base.py:1533 | excavate           | 0                                | 1 (1 HTTP_RESPONSE)                      |
2025-12-03 16:15:06,961 [INFO] bbot.modules.aggregate base.py:1533 +--------------------+----------------------------------+------------------------------------------+
2025-12-03 16:15:06,961 [INFO] bbot.modules.aggregate base.py:1533 | social             | 0                                | 24 (24 URL_UNVERIFIED)                   |
2025-12-03 16:15:06,961 [INFO] bbot.modules.aggregate base.py:1533 +--------------------+----------------------------------+------------------------------------------+
2025-12-03 16:15:06,961 [INFO] bbot.modules.output.csv base.py:1533 Saved CSV output to /home/wired/Development/bbot/bbot/telegram/muscular_curtis/output.csv
2025-12-03 16:15:06,961 [INFO] bbot.modules.output.json base.py:1533 Saved JSON output to /home/wired/Development/bbot/bbot/telegram/muscular_curtis/output.json
2025-12-03 16:15:06,961 [INFO] bbot.modules.output.subdomains base.py:1533 Saved 1 subdomains to /home/wired/Development/bbot/bbot/telegram/muscular_curtis/subdomains.txt
2025-12-03 16:15:06,961 [INFO] bbot.modules.output.txt base.py:1533 Saved TXT output to /home/wired/Development/bbot/bbot/telegram/muscular_curtis/output.txt
